// Vitest Snapshot v1, https://vitest.dev/guide/snapshot.html

exports[`create a basic game > default configuration 1`] = `
Game {
  "gameRef": null,
  "options": [],
  "setupOverride": [Function],
  "updateOverride": [Function],
}
`;
